[2026-03-03 03:11:34] === Approval Workflow Started ===
[2026-03-03 03:11:34] Watching Needs_Action/ and Approved/ folders
[2026-03-03 03:11:56] AUTO-APPROVED: EMAIL_20260303_031154_verified-sandra-is-looking-for-a-web-des.md (no sensitive keywords)
[2026-03-03 03:12:00] AUTO-APPROVED: EMAIL_20260303_031200_additional-details-michael-is-looking-fo.md (no sensitive keywords)
[2026-03-03 03:12:07] AUTO-APPROVED: EMAIL_20260303_031205_rich-is-looking-for-a-web-designer-in-au.md (no sensitive keywords)
[2026-03-03 03:12:11] MOVED TO PENDING_APPROVAL: EMAIL_20260303_031210_tishia-urgently-needs-a-web-designer.md
fatal: Unable to create '/mnt/c/Users/dell/Documents/AI_Employee_Vault/.git/index.lock': File exists.

Another git process seems to be running in this repository, e.g.
an editor opened by 'git commit'. Please make sure all processes
are terminated then try again. If it still fails, a git process
may have crashed in this repository earlier:
remove the file manually to continue.
fatal: Unable to create '/mnt/c/Users/dell/Documents/AI_Employee_Vault/.git/index.lock': File exists.

Another git process seems to be running in this repository, e.g.
an editor opened by 'git commit'. Please make sure all processes
are terminated then try again. If it still fails, a git process
may have crashed in this repository earlier:
remove the file manually to continue.
Everything up-to-date
[2026-03-03 03:12:17] MOVED TO PENDING_APPROVAL: EMAIL_20260303_031215_mandy-urgently-needs-a-web-designer-in-p.md
[main 2fa58bf] approval: EMAIL_20260303_031215_mandy-urgently-needs-a-web-designer-in-p.md needs human review
 2 files changed, 1 insertion(+)
 rename {Needs_Action => Pending_Approval}/EMAIL_20260303_031215_mandy-urgently-needs-a-web-designer-in-p.md (100%)
To https://github.com/AmnaFaraz/AI_Employee_Hackathon.git
 ! [remote rejected] main -> main (cannot lock ref 'refs/heads/main': is at 2fa58bf870f81e833254340d2ad2ec47d3019730 but expected 57622461c28c1a750c9d844fbf0257a2cc187afa)
error: failed to push some refs to 'https://github.com/AmnaFaraz/AI_Employee_Hackathon.git'
[2026-03-03 03:12:23] MOVED TO PENDING_APPROVAL: EMAIL_20260303_031222_norbert-urgently-needs-a-web-designer.md
fatal: Unable to create '/mnt/c/Users/dell/Documents/AI_Employee_Vault/.git/index.lock': File exists.

Another git process seems to be running in this repository, e.g.
an editor opened by 'git commit'. Please make sure all processes
are terminated then try again. If it still fails, a git process
may have crashed in this repository earlier:
remove the file manually to continue.
fatal: Unable to create '/mnt/c/Users/dell/Documents/AI_Employee_Vault/.git/index.lock': File exists.

Another git process seems to be running in this repository, e.g.
an editor opened by 'git commit'. Please make sure all processes
are terminated then try again. If it still fails, a git process
may have crashed in this repository earlier:
remove the file manually to continue.
Everything up-to-date
[2026-03-03 03:12:29] AUTO-APPROVED: EMAIL_20260303_031227_paul-is-looking-for-a-web-designer.md (no sensitive keywords)
