[2026-03-03 01:08:45] === Gmail Watcher Started ===
[2026-03-03 01:09:49] ERROR: [Errno 2] No such file or directory: '/mnt/c/Users/dell/Documents/AI_Employee_Vault/Needs_Action/EMAIL_20260303_010949_🔥-kimberly-urgently-needs-a-graphic-desi.md'
[2026-03-03 01:11:49] ERROR: [Errno 2] No such file or directory: '/mnt/c/Users/dell/Documents/AI_Employee_Vault/Needs_Action/EMAIL_20260303_011149_🔥-kimberly-urgently-needs-a-graphic-desi.md'
[2026-03-03 01:13:50] ERROR: [Errno 2] No such file or directory: '/mnt/c/Users/dell/Documents/AI_Employee_Vault/Needs_Action/EMAIL_20260303_011350_🔥-kimberly-urgently-needs-a-graphic-desi.md'
[2026-03-03 01:15:51] ERROR: [Errno 2] No such file or directory: '/mnt/c/Users/dell/Documents/AI_Employee_Vault/Needs_Action/EMAIL_20260303_011551_🔥-kimberly-urgently-needs-a-graphic-desi.md'
[2026-03-03 01:17:52] ERROR: [Errno 2] No such file or directory: '/mnt/c/Users/dell/Documents/AI_Employee_Vault/Needs_Action/EMAIL_20260303_011752_🔥-kimberly-urgently-needs-a-graphic-desi.md'
[2026-03-03 01:19:53] ERROR: [Errno 2] No such file or directory: '/mnt/c/Users/dell/Documents/AI_Employee_Vault/Needs_Action/EMAIL_20260303_011953_🔥-kimberly-urgently-needs-a-graphic-desi.md'
[2026-03-03 01:21:54] ERROR: [Errno 2] No such file or directory: '/mnt/c/Users/dell/Documents/AI_Employee_Vault/Needs_Action/EMAIL_20260303_012154_🔥-kimberly-urgently-needs-a-graphic-desi.md'
[2026-03-03 01:23:55] ERROR: [Errno 2] No such file or directory: '/mnt/c/Users/dell/Documents/AI_Employee_Vault/Needs_Action/EMAIL_20260303_012355_🔥-kimberly-urgently-needs-a-graphic-desi.md'
[2026-03-03 01:25:56] ERROR: [Errno 2] No such file or directory: '/mnt/c/Users/dell/Documents/AI_Employee_Vault/Needs_Action/EMAIL_20260303_012556_🔥-kimberly-urgently-needs-a-graphic-desi.md'
[2026-03-03 01:27:57] ERROR: [Errno 2] No such file or directory: '/mnt/c/Users/dell/Documents/AI_Employee_Vault/Needs_Action/EMAIL_20260303_012757_🔥-kimberly-urgently-needs-a-graphic-desi.md'
[2026-03-03 01:29:58] ERROR: [Errno 2] No such file or directory: '/mnt/c/Users/dell/Documents/AI_Employee_Vault/Needs_Action/EMAIL_20260303_012958_🔥-kimberly-urgently-needs-a-graphic-desi.md'
[2026-03-03 01:31:59] ERROR: [Errno 2] No such file or directory: '/mnt/c/Users/dell/Documents/AI_Employee_Vault/Needs_Action/EMAIL_20260303_013159_🔥-kimberly-urgently-needs-a-graphic-desi.md'
[2026-03-03 01:34:00] ERROR: [Errno 2] No such file or directory: '/mnt/c/Users/dell/Documents/AI_Employee_Vault/Needs_Action/EMAIL_20260303_013400_🔥-kimberly-urgently-needs-a-graphic-desi.md'
[2026-03-03 01:36:00] ERROR: [Errno 2] No such file or directory: '/mnt/c/Users/dell/Documents/AI_Employee_Vault/Needs_Action/EMAIL_20260303_013600_🔥-kimberly-urgently-needs-a-graphic-desi.md'
[2026-03-03 01:40:06] === Gmail Watcher Started ===
[2026-03-03 01:40:09] NEW EMAIL SAVED: EMAIL_20260303_014009_kimberly-urgently-needs-a-graphic-design.md
[2026-03-03 01:40:16] NEW EMAIL SAVED: EMAIL_20260303_014016_andreas-urgently-needs-a-web-designer.md
[2026-03-03 01:40:22] NEW EMAIL SAVED: EMAIL_20260303_014022_verified-zoraya-is-looking-for-a-web-des.md
[2026-03-03 01:40:28] NEW EMAIL SAVED: EMAIL_20260303_014028_jac-urgently-needs-a-web-designer.md
[2026-03-03 01:40:33] NEW EMAIL SAVED: EMAIL_20260303_014033_pr-specialist-at-pharma-and-15-more-soci.md
